// Jest Snapshot v1, https://goo.gl/fbAQLP

exports[`renders date correctly 1`] = `"Fri Feb 16 2018 23:15:09 GMT-0800 (PST)"`;
