// Jest Snapshot v1, https://goo.gl/fbAQLP

exports[`renders heading correctly 1`] = `
<div>
  <div>
    This is the heading
  </div>
  <div>
    50
  </div>
  <div>
    80
  </div>
  <div>
    100
  </div>
  <div>
    150
  </div>
</div>
`;
