// Jest Snapshot v1, https://goo.gl/fbAQLP

exports[`the link renders correctly 1`] = `
<a
  href="https://www.ranjitadas.com/"
  onMouseEnter={[Function]}
  onMouseLeave={[Function]}
>
  Come To Me
</a>
`;
